INFO:__main__:🧪 COMPLETE SYSTEM TEST

INFO:__main__:🏗️ Creating 5 test nodes...
INFO:core.fvs_storage:FVS initialized: node_0 (0 vectors)
INFO:core.fvs_storage:FVS initialized: node_1 (0 vectors)
INFO:core.fvs_storage:FVS initialized: node_2 (0 vectors)
INFO:core.fvs_storage:FVS initialized: node_3 (0 vectors)
INFO:core.fvs_storage:FVS initialized: node_4 (0 vectors)
INFO:__main__:🚀 Starting complete node: node_0
INFO:core.p2p_gossip:P2P server running on port 8765
INFO:__main__:✅ Complete node ready: node_0
INFO:__main__:🚀 Starting complete node: node_1
INFO:core.consensus:🗳️ Conducting Super Node election...
WARNING:core.consensus:⚠️ Not enough nodes for election
INFO:core.p2p_gossip:P2P server running on port 8766
INFO:__main__:✅ Complete node ready: node_1
INFO:__main__:🚀 Starting complete node: node_2
INFO:core.consensus:🗳️ Conducting Super Node election...
WARNING:core.consensus:⚠️ Not enough nodes for election
INFO:core.p2p_gossip:P2P server running on port 8767
INFO:__main__:✅ Complete node ready: node_2
INFO:__main__:🚀 Starting complete node: node_3
INFO:core.consensus:🗳️ Conducting Super Node election...
WARNING:core.consensus:⚠️ Not enough nodes for election
INFO:core.p2p_gossip:P2P server running on port 8768
INFO:__main__:✅ Complete node ready: node_3
INFO:__main__:🚀 Starting complete node: node_4
INFO:core.consensus:🗳️ Conducting Super Node election...
WARNING:core.consensus:⚠️ Not enough nodes for election
INFO:core.p2p_gossip:P2P server running on port 8769
INFO:__main__:✅ Complete node ready: node_4
INFO:core.p2p_gossip:Added bootstrap peer: localhost:8766
INFO:core.p2p_gossip:Added bootstrap peer: localhost:8767
INFO:core.p2p_gossip:Added bootstrap peer: localhost:8768
INFO:core.p2p_gossip:Added bootstrap peer: localhost:8769
INFO:core.p2p_gossip:Added bootstrap peer: localhost:8767
INFO:core.p2p_gossip:Added bootstrap peer: localhost:8768
INFO:core.p2p_gossip:Added bootstrap peer: localhost:8769
INFO:core.p2p_gossip:Added bootstrap peer: localhost:8768
INFO:core.p2p_gossip:Added bootstrap peer: localhost:8769
INFO:core.p2p_gossip:Added bootstrap peer: localhost:8769
INFO:core.consensus:🗳️ Conducting Super Node election...
WARNING:core.consensus:⚠️ Not enough nodes for election
INFO:__main__:
============================================================

INFO:__main__:🗳️ Testing Consensus Election...
INFO:__main__:🌟 Super Nodes elected: []
INFO:__main__:
============================================================

INFO:__main__:👥 Testing P-RAG User Behaviors...
INFO:__main__:
📱 User A (Ephemeral):
INFO:services.user_profile.profile_router:💨 EPHEMERAL search (local only)
INFO:services.user_profile.profile_router:💨 EPHEMERAL search (local only)
INFO:__main__:   Tier: ephemeral
INFO:__main__:   Queries: 2
INFO:__main__:
📱 User B (Stable):
INFO:services.user_profile.profile_router:💨 EPHEMERAL search (local only)
INFO:services.user_profile.profile_router:💨 EPHEMERAL search (local only)
INFO:services.user_profile.profile_router:💨 EPHEMERAL search (local only)
INFO:services.user_profile.profile_router:💨 EPHEMERAL search (local only)
INFO:services.user_profile.profile_router:💨 EPHEMERAL search (local only)
INFO:services.user_profile.profile_router:💨 EPHEMERAL search (local only)
INFO:services.user_profile.profile_router:⬆️ User user_b upgraded to STABLE
INFO:services.user_profile.profile_router:🌐 STABLE search for user_b
INFO:services.user_profile.profile_router:🌐 STABLE search for user_b
INFO:services.user_profile.profile_router:🌐 STABLE search for user_b
INFO:services.user_profile.profile_router:🌐 STABLE search for user_b
INFO:services.user_profile.profile_router:🌐 STABLE search for user_b
INFO:services.user_profile.profile_router:🌐 STABLE search for user_b
INFO:services.user_profile.profile_router:🌐 STABLE search for user_b
INFO:services.user_profile.profile_router:🌐 STABLE search for user_b
INFO:services.user_profile.profile_router:🌐 STABLE search for user_b
INFO:services.user_profile.profile_router:🌐 STABLE search for user_b
INFO:services.user_profile.profile_router:🌐 STABLE search for user_b
INFO:services.user_profile.profile_router:🌐 STABLE search for user_b
INFO:services.user_profile.profile_router:🌐 STABLE search for user_b
INFO:services.user_profile.profile_router:🌐 STABLE search for user_b
INFO:__main__:   Tier: stable
INFO:__main__:   Queries: 20
INFO:__main__:   Topics: ['sexy', 'gold_price']
INFO:__main__:
📱 User Doanh (VIP PRO):
INFO:services.user_profile.profile_router:💨 EPHEMERAL search (local only)
INFO:services.user_profile.profile_router:💨 EPHEMERAL search (local only)
INFO:services.user_profile.profile_router:💨 EPHEMERAL search (local only)
INFO:services.user_profile.profile_router:💨 EPHEMERAL search (local only)
INFO:services.user_profile.profile_router:💨 EPHEMERAL search (local only)
INFO:services.user_profile.profile_router:💨 EPHEMERAL search (local only)
INFO:services.user_profile.profile_router:⬆️ User user_doanh upgraded to STABLE
INFO:services.user_profile.profile_router:🌐 STABLE search for user_doanh
INFO:services.user_profile.profile_router:🌐 STABLE search for user_doanh
INFO:services.user_profile.profile_router:🌐 STABLE search for user_doanh
INFO:services.user_profile.profile_router:🌐 STABLE search for user_doanh
INFO:services.user_profile.profile_router:🌐 STABLE search for user_doanh
INFO:services.user_profile.profile_router:⬆️ User user_doanh upgraded to VIP PRO
INFO:services.user_profile.profile_router:🌟 VIP PRO search for user_doanh
INFO:services.user_profile.profile_router:🌟 VIP PRO search for user_doanh
INFO:services.user_profile.profile_router:🌟 VIP PRO search for user_doanh
INFO:services.user_profile.profile_router:🌟 VIP PRO search for user_doanh
INFO:services.user_profile.profile_router:🌟 VIP PRO search for user_doanh
INFO:services.user_profile.profile_router:🌟 VIP PRO search for user_doanh
INFO:services.user_profile.profile_router:🌟 VIP PRO search for user_doanh
INFO:services.user_profile.profile_router:🌟 VIP PRO search for user_doanh
INFO:services.user_profile.profile_router:🌟 VIP PRO search for user_doanh
INFO:services.user_profile.profile_router:🌟 VIP PRO search for user_doanh
INFO:services.user_profile.profile_router:🌟 VIP PRO search for user_doanh
INFO:services.user_profile.profile_router:🌟 VIP PRO search for user_doanh
INFO:services.user_profile.profile_router:🌟 VIP PRO search for user_doanh
INFO:services.user_profile.profile_router:🌟 VIP PRO search for user_doanh
INFO:services.user_profile.profile_router:🌟 VIP PRO search for user_doanh
INFO:services.user_profile.profile_router:🌟 VIP PRO search for user_doanh
INFO:services.user_profile.profile_router:🌟 VIP PRO search for user_doanh
INFO:services.user_profile.profile_router:🌟 VIP PRO search for user_doanh
INFO:services.user_profile.profile_router:🌟 VIP PRO search for user_doanh
INFO:services.user_profile.profile_router:🌟 VIP PRO search for user_doanh
INFO:services.user_profile.profile_router:🌟 VIP PRO search for user_doanh
INFO:services.user_profile.profile_router:🌟 VIP PRO search for user_doanh
INFO:services.user_profile.profile_router:🌟 VIP PRO search for user_doanh
INFO:services.user_profile.profile_router:🌟 VIP PRO search for user_doanh
INFO:services.user_profile.profile_router:🌟 VIP PRO search for user_doanh
INFO:services.user_profile.profile_router:🌟 VIP PRO search for user_doanh
INFO:services.user_profile.profile_router:🌟 VIP PRO search for user_doanh
INFO:services.user_profile.profile_router:🌟 VIP PRO search for user_doanh
INFO:services.user_profile.profile_router:🌟 VIP PRO search for user_doanh
INFO:services.user_profile.profile_router:🌟 VIP PRO search for user_doanh
INFO:services.user_profile.profile_router:🌟 VIP PRO search for user_doanh
INFO:services.user_profile.profile_router:🌟 VIP PRO search for user_doanh
INFO:services.user_profile.profile_router:🌟 VIP PRO search for user_doanh
INFO:services.user_profile.profile_router:🌟 VIP PRO search for user_doanh
INFO:services.user_profile.profile_router:🌟 VIP PRO search for user_doanh
INFO:services.user_profile.profile_router:🌟 VIP PRO search for user_doanh
INFO:services.user_profile.profile_router:🌟 VIP PRO search for user_doanh
INFO:services.user_profile.profile_router:🌟 VIP PRO search for user_doanh
INFO:services.user_profile.profile_router:🌟 VIP PRO search for user_doanh
INFO:__main__:   Tier: vip_pro
INFO:__main__:   Queries: 50
INFO:__main__:   Contribution: 1.00
INFO:__main__:
============================================================

INFO:__main__:🔒 Testing MPC-Enabled Secure Task...
INFO:core.secure_dtq:🔒 Submitted secure task: 0141c798d1f62fce
INFO:core.secure_dtq:🔐 Requesting key shares for task: 0141c798d1f62fce
ERROR:core.secure_dtq:❌ Secure task failed: 0141c798d1f62fce - Not enough key shares: 0/3
INFO:__main__:   Task status: failed
INFO:__main__:
============================================================

INFO:__main__:📊 FINAL STATISTICS:
INFO:__main__:
Node 0:
INFO:__main__:  Vectors: 0
INFO:__main__:  Peers: 8
INFO:__main__:  Is Super Node: False
INFO:__main__:  Contribution Score: 0.400
INFO:__main__:  Tasks Completed: 500
INFO:__main__:
Node 1:
INFO:__main__:  Vectors: 0
INFO:__main__:  Peers: 8
INFO:__main__:  Is Super Node: False
INFO:__main__:  Contribution Score: 0.400
INFO:__main__:  Tasks Completed: 300
INFO:__main__:
Node 2:
INFO:__main__:  Vectors: 0
INFO:__main__:  Peers: 7
INFO:__main__:  Is Super Node: False
INFO:__main__:  Contribution Score: 0.400
INFO:__main__:  Tasks Completed: 0
INFO:__main__:
Node 3:
INFO:__main__:  Vectors: 0
INFO:__main__:  Peers: 6
INFO:__main__:  Is Super Node: False
INFO:__main__:  Contribution Score: 0.400
INFO:__main__:  Tasks Completed: 0
INFO:__main__:
Node 4:
INFO:__main__:  Vectors: 0
INFO:__main__:  Peers: 5
INFO:__main__:  Is Super Node: False
INFO:__main__:  Contribution Score: 0.400
INFO:__main__:  Tasks Completed: 0
INFO:__main__:
User Profiles:
INFO:__main__:  Total Users: 3
INFO:__main__:  VIP Users: ['user_doanh']
INFO:__main__:  Stable Users: ['user_b']
INFO:__main__:
============================================================

INFO:__main__:✅ COMPLETE SYSTEM TEST FINISHED!
